[0.013s][info][gc] Using Serial
[3.300s][info][gc] GC(0) Pause Young (Allocation Failure) 4M->2M(15M) 8.882ms
[3.441s][info][gc] GC(1) Pause Young (Allocation Failure) 6M->2M(15M) 5.159ms
[3.541s][info][gc] GC(2) Pause Young (Allocation Failure) 7M->4M(15M) 5.525ms
[3.821s][info][gc] GC(3) Pause Young (Allocation Failure) 8M->4M(15M) 6.649ms
[5.212s][info][gc] GC(4) Pause Young (Allocation Failure) 8M->5M(15M) 5.837ms
[15.820s][info][gc] GC(5) Pause Young (Allocation Failure) 9M->5M(15M) 2.622ms
[15.834s][info][gc] GC(6) Pause Young (Allocation Failure) 9M->5M(15M) 1.239ms
[15.845s][info][gc] GC(7) Pause Young (Allocation Failure) 9M->5M(15M) 1.055ms
[15.852s][info][gc] GC(8) Pause Young (Allocation Failure) 9M->5M(15M) 0.912ms
[15.875s][info][gc] GC(9) Pause Young (Allocation Failure) 9M->5M(15M) 1.219ms
[15.884s][info][gc] GC(10) Pause Young (Allocation Failure) 9M->5M(15M) 0.839ms
[15.891s][info][gc] GC(11) Pause Young (Allocation Failure) 9M->5M(15M) 0.850ms
[15.902s][info][gc] GC(12) Pause Young (Allocation Failure) 9M->5M(15M) 0.767ms
[15.908s][info][gc] GC(13) Pause Young (Allocation Failure) 9M->5M(15M) 0.773ms
[15.914s][info][gc] GC(14) Pause Young (Allocation Failure) 9M->5M(15M) 0.637ms
[15.921s][info][gc] GC(15) Pause Young (Allocation Failure) 9M->5M(15M) 0.829ms
[15.927s][info][gc] GC(16) Pause Young (Allocation Failure) 9M->5M(15M) 0.525ms
[15.931s][info][gc] GC(17) Pause Young (Allocation Failure) 9M->5M(15M) 0.559ms
[15.935s][info][gc] GC(18) Pause Young (Allocation Failure) 9M->5M(15M) 0.475ms
[15.939s][info][gc] GC(19) Pause Young (Allocation Failure) 9M->5M(15M) 0.825ms
[15.943s][info][gc] GC(20) Pause Young (Allocation Failure) 9M->5M(15M) 0.692ms
[15.946s][info][gc] GC(21) Pause Young (Allocation Failure) 9M->5M(15M) 0.621ms
[15.950s][info][gc] GC(22) Pause Young (Allocation Failure) 9M->5M(15M) 0.557ms
[24.217s][info][gc] GC(23) Pause Young (Allocation Failure) 9M->5M(15M) 0.848ms
[62.249s][info][gc] GC(24) Pause Young (Allocation Failure) 9M->5M(15M) 1.358ms
[77.357s][info][gc] GC(25) Pause Young (Allocation Failure) 9M->5M(15M) 0.888ms
[77.361s][info][gc] GC(26) Pause Young (Allocation Failure) 9M->5M(15M) 0.797ms
[77.364s][info][gc] GC(27) Pause Young (Allocation Failure) 9M->5M(15M) 0.631ms
[77.367s][info][gc] GC(28) Pause Young (Allocation Failure) 9M->5M(15M) 0.743ms
[77.370s][info][gc] GC(29) Pause Young (Allocation Failure) 9M->5M(15M) 0.600ms
[77.373s][info][gc] GC(30) Pause Young (Allocation Failure) 9M->5M(15M) 0.569ms
[77.377s][info][gc] GC(31) Pause Young (Allocation Failure) 9M->5M(15M) 0.484ms
[77.380s][info][gc] GC(32) Pause Young (Allocation Failure) 9M->5M(15M) 0.753ms
[77.383s][info][gc] GC(33) Pause Young (Allocation Failure) 9M->5M(15M) 0.588ms
[77.387s][info][gc] GC(34) Pause Young (Allocation Failure) 9M->5M(15M) 0.743ms
[77.390s][info][gc] GC(35) Pause Young (Allocation Failure) 9M->5M(15M) 0.623ms
[77.393s][info][gc] GC(36) Pause Young (Allocation Failure) 9M->5M(15M) 0.536ms
[77.396s][info][gc] GC(37) Pause Young (Allocation Failure) 9M->5M(15M) 0.402ms
[77.399s][info][gc] GC(38) Pause Young (Allocation Failure) 9M->5M(15M) 0.737ms
[77.401s][info][gc] GC(39) Pause Young (Allocation Failure) 9M->5M(15M) 0.483ms
[77.405s][info][gc] GC(40) Pause Young (Allocation Failure) 9M->5M(15M) 0.751ms
[77.407s][info][gc] GC(41) Pause Young (Allocation Failure) 9M->5M(15M) 0.324ms
[77.410s][info][gc] GC(42) Pause Young (Allocation Failure) 9M->5M(15M) 0.757ms
[92.272s][info][gc] GC(43) Pause Young (Allocation Failure) 9M->5M(15M) 1.140ms
[134.307s][info][gc] GC(44) Pause Young (Allocation Failure) 9M->5M(15M) 0.751ms
