[0.010s][info][gc] Using Serial
[4.739s][info][gc] GC(0) Pause Young (Allocation Failure) 4M->2M(15M) 5.744ms
[4.870s][info][gc] GC(1) Pause Young (Allocation Failure) 6M->2M(15M) 5.534ms
[4.967s][info][gc] GC(2) Pause Young (Allocation Failure) 7M->4M(15M) 9.260ms
[5.240s][info][gc] GC(3) Pause Young (Allocation Failure) 8M->4M(15M) 3.873ms
[6.512s][info][gc] GC(4) Pause Young (Allocation Failure) 8M->5M(15M) 3.895ms
[36.978s][info][gc] GC(5) Pause Young (Allocation Failure) 9M->5M(15M) 2.084ms
[37.005s][info][gc] GC(6) Pause Young (Allocation Failure) 9M->8M(15M) 3.870ms
[37.025s][info][gc] GC(7) Pause Young (Allocation Failure) 12M->10M(15M) 4.672ms
[37.036s][info][gc] GC(8) Pause Young (Allocation Failure) 14M->14M(15M) 0.047ms
[37.070s][info][gc] GC(9) Pause Full (Allocation Failure) 14M->8M(15M) 20.399ms
[37.081s][info][gc] GC(10) Pause Young (Allocation Failure) 12M->12M(15M) 0.048ms
[37.096s][info][gc] GC(11) Pause Full (Allocation Failure) 12M->7M(15M) 14.966ms
[37.110s][info][gc] GC(12) Pause Young (Allocation Failure) 11M->9M(15M) 3.199ms
[37.117s][info][gc] GC(13) Pause Young (Allocation Failure) 14M->14M(15M) 0.045ms
[37.135s][info][gc] GC(14) Pause Full (Allocation Failure) 14M->7M(15M) 17.322ms
[49.544s][info][gc] GC(15) Pause Young (Allocation Failure) 12M->9M(15M) 4.111ms
[88.566s][info][gc] GC(16) Pause Young (Allocation Failure) 13M->13M(15M) 0.108ms
[88.582s][info][gc] GC(17) Pause Full (Allocation Failure) 13M->4M(15M) 16.131ms
[97.036s][info][gc] GC(18) Pause Young (Allocation Failure) 8M->6M(15M) 3.337ms
[97.046s][info][gc] GC(19) Pause Young (Allocation Failure) 11M->9M(15M) 2.970ms
[97.052s][info][gc] GC(20) Pause Young (Allocation Failure) 13M->13M(15M) 0.035ms
[97.071s][info][gc] GC(21) Pause Full (Allocation Failure) 13M->8M(15M) 18.965ms
[97.078s][info][gc] GC(22) Pause Young (Allocation Failure) 12M->12M(15M) 0.038ms
[97.096s][info][gc] GC(23) Pause Full (Allocation Failure) 12M->7M(15M) 18.454ms
[97.111s][info][gc] GC(24) Pause Young (Allocation Failure) 11M->9M(15M) 3.350ms
[97.118s][info][gc] GC(25) Pause Young (Allocation Failure) 14M->14M(15M) 0.047ms
[97.136s][info][gc] GC(26) Pause Full (Allocation Failure) 14M->8M(15M) 17.593ms
[103.590s][info][gc] GC(27) Pause Young (Allocation Failure) 12M->12M(15M) 0.058ms
[103.623s][info][gc] GC(28) Pause Full (Allocation Failure) 12M->6M(15M) 32.315ms
[144.563s][info][gc] GC(29) Pause Young (Allocation Failure) 10M->6M(15M) 1.172ms
